[Fri Mar  6 05:16:31 2026] PHP 8.3.6 Development Server (http://localhost:8000) started
[Fri Mar  6 05:16:36 2026] [::1]:39672 Accepted
[Fri Mar  6 05:16:36 2026] [::1]:39672 [200]: GET /login.php
[Fri Mar  6 05:16:36 2026] [::1]:39672 Closing
[Fri Mar  6 05:17:35 2026] [::1]:34148 Accepted
[Fri Mar  6 05:17:35 2026] [::1]:34148 [200]: GET /register.php
[Fri Mar  6 05:17:35 2026] [::1]:34148 Closing
[Fri Mar  6 05:17:36 2026] [::1]:50696 Accepted
[Fri Mar  6 05:17:36 2026] [::1]:50696 [302]: POST /register.php
[Fri Mar  6 05:17:36 2026] [::1]:50696 Closing
[Fri Mar  6 05:17:36 2026] [::1]:50710 Accepted
[Fri Mar  6 05:17:36 2026] [::1]:50710 [200]: GET /index.php
[Fri Mar  6 05:17:36 2026] [::1]:50710 Closing
[Fri Mar  6 05:17:37 2026] [::1]:50722 Accepted
[Fri Mar  6 05:17:37 2026] [::1]:50722 [302]: POST /start_module.php
[Fri Mar  6 05:17:37 2026] [::1]:50722 Closing
[Fri Mar  6 05:17:37 2026] [::1]:50732 Accepted
[Fri Mar  6 05:17:37 2026] [::1]:50732 [200]: GET /module.php?id=1
[Fri Mar  6 05:17:37 2026] [::1]:50732 Closing
[Fri Mar  6 05:17:38 2026] [::1]:50742 Accepted
[Fri Mar  6 05:17:38 2026] [::1]:50742 [200]: POST /save_activity.php
[Fri Mar  6 05:17:38 2026] [::1]:50742 Closing
[Fri Mar  6 05:17:39 2026] [::1]:50758 Accepted
[Fri Mar  6 05:17:39 2026] [::1]:50758 [200]: GET /module.php?id=1
[Fri Mar  6 05:17:39 2026] [::1]:50758 Closing
